  EXPLICACION_CRIOLO.md: 200
  PANDORA_Resumen.md: 200
  README.md: 200
  RESUMEN_NOCHE.md: 200
  gpt1_paper.pdf: 200
  github_push.py: 200
  github_push_inc.py: 200
  CHANGELOG.md: 200
  _README_ENGINE.md: 200
  donquijote.txt: 200
  run_v25_v10_classifier.py: 200
  run_v25_v11_conservador.py: 200
  run_v25_v11b_generalizacion.py: 200
  run_v25_v12_decoder.py: 200
  run_v25_v13_transicion.py: 200
  run_v25_v13b_bigramas.py: 200
  run_v25_v14_sense_transition.py: 200
  run_v25_v15_loop_sentido.py: 200
  run_v25_v16_loop_generativo_memoria.py: 200
  run_v25_v17_donquijote_real.py: 200
  run_v25_v18_dq_cabo.py: 200
  run_v25_v19_tiempo_dq.py: 200
  run_v25_v2.py: 200
  run_v25_v20_tiempo_sustrato.py: 200
  run_v25_v21_classifier_loop.py: 200
  run_v25_v2b.py: 200
  run_v25_v2c.py: 200
  run_v25_v2d.py: 200
  run_v25_v3.py: 200
  run_v25_v4.py: 200
  run_v25_v5.py: 200
  run_v25_v6.py: 200
  run_v25_v8_loop.py: 200
  run_v25_v8b_loop.py: 200
  run_v25_v9_real_embeddings.py: 200
  results_v25_evaluacion_general.json: 200
  results_v25_v10.json: 200
  results_v25_v11.json: 200
  results_v25_v11b.json: 200
  results_v25_v12.json: 200
  results_v25_v13b.json: 200
  results_v25_v14.json: 200
  results_v25_v15.json: 200
  results_v25_v16.json: 200
  results_v25_v17.json: 200
  results_v25_v2.json: 200
  results_v25_v20.json: 200
  results_v25_v2c.json: 200
  results_v25_v2d.json: 200
  results_v25_v3.json: 200
  results_v25_v4.json: 200
  results_v25_v5.json: 200
  results_v25_v6.json: 200
  results_v25_v7.json: 200
  results_v25_v7b.json: 200
  results_v25_v7c.json: 200
  results_v25_v8.json: 200
  results_v25_v8b.json: 200
  results_v25_v9.json: 200
  dscng_core.py: 200
  test_dscng_core.py: 200
  run_v25_v2_core.py: 200
  run_v25_v2_orig_backup.py: 200
  results_v25_v13.json: 200
  results_v25_v2_core.json: 200
  v0.10_persistencia/run_v10.py: 200
  v0.10_persistencia/results_v10.json: 200
  v0.11_abstraccion/run_v11.py: 200
  v0.11_abstraccion/results_v11.json: 200
  v0.12_atencion/run_v12.py: 200
  v0.12_atencion/results_v12.json: 200
  v0.13_hibrido/run_v13.py: 200
  v0.13_hibrido/results_v13.json: 200
  v0.13_hibrido/run_v13bis.py: 200
  v0.13_hibrido/results_v13bis.json: 200
  v0.14_hibrido_real/run_v14.py: 200
  v0.14_hibrido_real/results_v14.json: 200
  v0.14b_backprop/run_v14b.py: 200
  v0.14b_backprop/results_v14b.json: 200
  v0.14c_backprop_D16/run_v14c.py: 200
  v0.14c_backprop_D16/results_v14c.json: 200
  v0.1_concept_proof/dscng_engine.py: 200
  v0.1_concept_proof/results_v01.json: 200
  v0.1_concept_proof/run_v01.py: 200
  v0.2_pruning/results_v02.json: 200
  v0.2_pruning/run_v02.py: 200
  v0.3_hibernado/run_v03real.py: 200
  v0.3_hibernado/results_v03real.json: 200
  v0.3_retrieval/run_v03.py: 200
  v0.3_retrieval/results_v03.json: 200
  v0.4_beta_ctx/run_v04.py: 200
  v0.4_beta_ctx/results_v04.json: 200
  v0.5_decoder/run_v05b.py: 200
  v0.5_decoder/results_v05b.json: 200
  v0.6_dolor/run_v06b.py: 200
  v0.6_dolor/results_v06b.json: 200
  v0.6_dolor/run_v06b_bis.py: 200
  v0.6_dolor/results_v06b_bis.json: 200
  v0.6_next_token/run_v06a.py: 200
  v0.6_next_token/results_v06a.json: 200
  v0.7_contexto/run_v07final.py: 200
  v0.7_contexto/results_v07final.json: 200
  v0.7_contexto/raw/run_v07.py: 200
  v0.7_contexto/raw/run_v07b.py: 200
  v0.7_contexto/raw/results_v07.json: 200
  v0.7_contexto/raw/results_v07b.json: 200
  v0.8_atencion/run_v08.py: 200
  v0.8_atencion/results_v08.json: 200
  v0.9_dolor/run_v09a.py: 200
  v0.9_dolor/results_v09a.json: 200
  v0.9_dolor/run_v09b.py: 200
  v0.9_dolor/results_v09b.json: 200
  v0.9_dolor/results_v09abis.json: 200
  v0.9_dolor/run_v09abis.py: 200
  v0.9_dolor/run_v09c.py: 200
  v0.9_dolor/results_v09c.json: 200
  v0.14d_backprop_head/run_v14d.py: 200
  v0.14d_backprop_head/results_v14d.json: 200
  v0.15_sense/run_v15.py: 200
  v0.15_sense/results_v15.json: 200
  v0.15_sense/run_v15bis.py: 200
  v0.15_sense/results_v15bis.json: 200
  v0.16_referencias/run_v16.py: 200
  v0.16_referencias/results_v16.json: 200
  v0.16_referencias/run_v16bis.py: 200
  v0.16_referencias/results_v16bis.json: 200
  v0.15d_sense_ctx/run_v15d.py: 200
  v0.15d_sense_ctx/results_v15d.json: 200
  v0.17_wsd/run_v17.py: 200
  v0.17_wsd/results_v17.json: 200
  audit_v14d/run_audit_baseline.py: 200
  audit_v14d/results_audit_v14d.json: 200
  v0.3b_memoria/run_v03b.py: 200
  v0.3b_memoria/results_v03b.json: 200
  v0.9b_limpio/run_v09b_clean.py: 200
  v0.9b_limpio/results_v09b_clean.json: 200
  v0.9c_limpio/run_v09c_clean.py: 200
  v0.9c_limpio/results_v09c_clean.json: 200
  v0.16_limpio/run_v16_clean.py: 200
  v0.16_limpio/results_v16_clean.json: 200
  v0.9b_v2_categoria/run_v09b_v2.py: 200
  v0.9b_v2_categoria/results_v09b_v2.json: 200
  v0.3b_v3_memoria/run_v03b_v3.py: 200
  v0.3b_v3_memoria/results_v03b_v3.json: 200
  v0.14d_borrar/run_v14d_borrar.py: 200
  v0.14d_borrar/results_v14d_borrar.json: 200
  v0.17_polisemia/run_v17.py: 200
  v0.17_polisemia/results_v17.json: 200
  v0.19_dolor_evasion/run_v19.py: 200
  v0.19_dolor_evasion/results_v19.json: 200
  v0.18_real/run_v18.py: 200
  v0.18_real/results_v18.json: 200
  v0.21_fractal/run_v21.py: 200
  v0.21_fractal/results_v21.json: 200
  v0.21_fractal/run_v21_contrastivo.py: 200
  v0.21_fractal/results_v21_contrastivo.json: 200
  v0.21_fractal/run_v21_v8.py: 200
  v0.21_fractal/run_v21_v8_real.py: 200
  v0.21_fractal/results_v21_v8.json: 200
  v0.21_fractal/results_v21_v8_real.json: 200
  v0.19_limpio/run_v19_limpio.py: 200
  v0.19_limpio/results_v19_limpio.json: 200
  v0.14d_borrar_limpio/run_v14d_borrar_limpio.py: 200
  v0.14d_borrar_limpio/results_v14d_borrar_limpio.json: 200
  v0.3b_limpio/run_v3b_limpio.py: 200
  v0.3b_limpio/results_v3b_limpio.json: 200
  v0.9c_robusto/run_v9c_robusto.py: 200
  v0.9c_robusto/results_v9c_robusto.json: 200
  v0.22_root_director/run_v22.py: 200
  v0.22_root_director/results_v22.json: 200
  v0.22_root_director/run_v22_v5.py: 200
  v0.22_root_director/results_v22_v5.json: 200
  v0.23_composicion/run_v23.py: 200
  v0.23_composicion/run_v23_v2.py: 200
  v0.23_composicion/results_v23.json: 200
  v0.23_composicion/results_v23_v2.json: 200
  v0.23_composicion/run_v23_v3.py: 200
  v0.23_composicion/results_v23_v3.json: 200
  v0.24_memoria_trabajo/run_v24.py: 200
  v0.24_memoria_trabajo/results_v24.json: 200
  v0.25_integracion/run_v25.py: 200
  v0.25_integracion/results_v25.json: 200
  v0.21_audit/run_v21_v8_control.py: 200
  v0.21_audit/results_v21_v8_control.json: 200
  v0.21_audit/run_v21_v8b.py: 200
  v0.21_audit/results_v21_v8b.json: 200
  v0.21_audit/run_v21_v8c.py: 200
  v0.21_audit/results_v21_v8c.json: 200
  v0.21_audit/run_v21_v8d.py: 200
  v0.21_audit/results_v21_v8d.json: 200
  v0.21_audit/run_v21_v8e.py: 200
  v0.21_audit/results_v21_v8e.json: 200
  v0.21_audit/run_v21_v8f.py: 200
  v0.21_audit/results_v21_v8f.json: 200
  v0.22_v2_transformer/run_v22_v2.py: 200
  v0.22_v2_transformer/results_v22_v2.json: 200
  v0.25_v2_transformer_root/run_v25_v2b.py: 200
  v0.25_v2_transformer_root/run_v25_v2c.py: 200
  v0.25_v2_transformer_root/results_v25_v2c.json: 200
  v0.25_v2_transformer_root/run_v25_v2d.py: 200
  v0.25_v2_transformer_root/results_v25_v2d.json: 200
  v0.25_v2_transformer_root/run_v25_v3.py: 200
  v0.25_v2_transformer_root/results_v25_v3.json: 200
  v0.25_v2_transformer_root/run_v25_v4.py: 200
  v0.25_v2_transformer_root/results_v25_v4.json: 200
  v0.25_v2_transformer_root/run_v25_v5.py: 200
  v0.25_v2_transformer_root/results_v25_v5.json: 200
  v0.25_v2_transformer_root/run_v25_v6.py: 200
  v0.25_v2_transformer_root/results_v25_v6.json: 200
  v0.25_v2_transformer_root/_README_ENGINE.md: 200
  v0.25_v2_transformer_root/run_kmeans_seed_online.py: 200
  v0.25_v2_transformer_root/results_v25_v7.json: 200
  v0.25_v2_transformer_root/run_kmeans_seed_online_v7b.py: 200
  v0.25_v2_transformer_root/results_v25_v7b.json: 200
  v0.25_v2_transformer_root/run_v25_v9_real_embeddings.py: 201
  v0.25_v2_transformer_root/run_v25_v10_classifier.py: 201
  v0.25_v2_transformer_root/run_v25_v11_conservador.py: 201
  v0.25_v2_transformer_root/run_v25_v11b_generalizacion.py: 201
  v0.25_v2_transformer_root/run_v25_v12_decoder.py: 201
  v0.25_v2_transformer_root/run_v25_v13_transicion.py: 201
  v0.25_v2_transformer_root/run_v25_v13b_bigramas.py: 201
  v0.25_v2_transformer_root/results_v25_v9.json: 201
  v0.25_v2_transformer_root/results_v25_v10.json: 201
  v0.25_v2_transformer_root/results_v25_v11.json: 201
  v0.25_v2_transformer_root/results_v25_v11b.json: 201
  v0.25_v2_transformer_root/results_v25_v12.json: 201
  v0.25_v2_transformer_root/results_v25_v13b.json: 201
  v0.25_v2_transformer_root/run_v25_v8_loop.py: 201
  v0.25_v2_transformer_root/run_v25_v8b_loop.py: 201
  v0.25_v2_transformer_root/run_v23_v4.py: 201
  kmeans_offline_polisemia/run_kmeans_polisemia.py: 200
  kmeans_offline_polisemia/results_kmeans_banco.json: 200
PUSH INCREMENTAL TERMINADO
